---
source: crates/patchbox/tests/state_snapshot.rs
expression: redacted.to_string()
---
{"audio":{"active_routes":0,"callbacks_total":0,"resyncs":0,"rx_channels":4,"rx_levels_rms_db":[-60.0,-60.0,-60.0,-60.0],"tx_channels":2,"tx_levels_rms_db":[-60.0,-60.0]},"clients_connected":0,"config":{"last_modified":null,"loaded":true,"path":"/tmp/test.toml"},"dante":{"card_present":false,"connected":false,"name":"patchbox","nic":"eth0","rx_count":4,"tx_count":2},"dsp":{"cpu_percent":0.0,"cpu_percent_avg":0.0,"status":"healthy","xruns":0},"ptp":{"locked":false,"offset_ns":null,"socket_path":"/tmp/ptp-usrvclock","state":null,"synced":false},"status":"unhealthy","storage":{"free_bytes":0,"total_bytes":0},"uptime_secs":0,"version":"0.1.0","zones":[{"active_sources":[],"eq_enabled":false,"gain_db":0.0,"index":0,"limiter_enabled":false,"muted":false,"name":"Zone 1"},{"active_sources":[],"eq_enabled":false,"gain_db":0.0,"index":1,"limiter_enabled":false,"muted":false,"name":"Zone 2"}]}
